// Jest Snapshot v1, https://goo.gl/fbAQLP

exports[`undefined 1`] = `undefined`;

exports[`undefined 2`] = `undefined`;

exports[`undefined 3`] = `undefined`;

exports[`undefined 4`] = `undefined`;

exports[`undefined 5`] = `undefined`;
